(node:26105) Warning: `--localstorage-file` was provided without a valid path
(Use `node --trace-warnings ...` to show where the warning was created)
PASS ownedCredentialsPreserveViewedLeagueDespiteForeignGlobalState
PASS accountBCannotUseSavedAKeyOrCard
PASS unknownSavedOwnerCannotBecomeAnExplicitPrivateKey
PASS selectedYearAndTeamMustAgreeBeforeRequest
PASS selectedCardMutationDuringAwaitIsStickyAndCannotPublish
PASS lateHeaderAndRoomResponsesCannotPublishAfterAccountSwitch
PASS keyTeamStorageAndViewChangesFenceHeldResponses
PASS unownedGlobalFallbackIsNeverRetaggedAfterOutage
PASS helperRejectsWrongMappedIdentity
PASS scopeInvalidationStaysRetiredAfterOriginalBytesReturn
PASS liveMirrorUsesOwnedKeyAndExactDraftUnit
PASS malformedOrForeignAccountLiveDraftStopsBeforeTransport
PASS actualCommandCenterOldMountCannotStartNewAccountMirror
PASS actualCommandCenterCurrentMountDispatchesMappedPicksAndScopedCleanup
PASS oldCleanupAndRejectedEntryCannotStopReplacementMirror
PASS mirrorRequiresTheExplicitViewedLeagueToMatchDraftId
PASS stoppedMirrorCannotEmitHeldPicksOrStatus
PASS replacementRunKeepsItsOwnCursorEvenWhenOldRequestFinishesLast
PASS slowPollDoesNotOverlapAndCanPollAfterSuccess
PASS accountSwitchDuringLiveReadStopsWithoutPublishing
PASS onStatusReplacementCannotInvokeOldPickCallback
PASS sleeperStoppedResponseAlsoCannotCorruptReplacementRun
PASS unchangedReconcilerRecoversMissingPicksWithoutSkippingThem
23 actual MFL draft groups; 0 failed
