PASS webOnlyContract
PASS mismatchedOrMissingTokenOwnerNeverStartsBilling
PASS contradictoryRefreshedTokenCannotBeSaved
PASS delayedRefreshCannotOverwriteB
PASS delayedBodyCannotOverwriteB
PASS storageEventInvalidatesSameCredential
PASS invalidResponseCannotChangeCredential
PASS confirmedSavePreservesFields
PASS quotaCannotClaimActivation
PASS revokedCredentialStopsAndPreserves
PASS freeThenProUsesOwnRefreshedToken
PASS outageAndTimeoutNeverClaimSuccess
PASS returnWithoutServerProStaysPending
PASS confirmedReturnCanContinue
PASS checkoutDuplicateAndPlanChangesAreBlockedWhilePending
PASS checkoutAndPortalDropLateIdentityResponses
PASS retryAndReloadUseExactCheckoutParameters
PASS noCheckoutIfRecoveryCannotBeSaved
PASS existingCheckoutOrSubscriptionOffersRecovery
PASS existingCheckoutRecoverySurvivesReload
PASS emptyUnauthorizedBodyStillShowsSignIn
PASS checkoutTimeoutIsRecoverableAndLateUrlCannotRedirect
PASS mismatchedReturnDoesNotAutoRefreshAnyAccount
PASS matchingReturnRequiresProAndRetainsMarkerUntilSaved
PASS cancellationCannotAssertNoCharge
PASS cachedProDoesNotSkipServerCheckOrHideManagement
PASS cachedProFreeCorrectionIsVisible
PASS portalErrorsKeepManagementRetryAndAppleGuidance
PASS rejectedSessionsHaveReachableSignInRecovery
PASS replacementAccountHidesOldSignInAction
PASS settingsPortalRejectsLateSuccessAndFailure
PASS settingsPortalSuccessAndRecovery
PASS settingsTimeoutAndUnsafeUrlAreRecoverable
PASS unsafeUrlsAreNeverOpened
34 actual-source groups; 0 failed
