
> owner-dashboard-v6@1.0.0 test:public-portfolio
> node tests/public-portfolio.cjs && node tests/public-portfolio-browser.cjs

PASS partialDenominatorAndRetry
PASS slowLeagueDoesNotBlockFastCard
PASS refreshFailureRetainsMarkedGoodCards
PASS listFailureKeepsPriorCountUnverified
PASS explicitEmptyListIsActualZero
PASS incompleteRosterOrUserIsNotAnEmptyTeam
PASS coownerUsesActualTeamAndDoesNotInventRecord
PASS differentSeasonNeverRetainsPreviousCards
PASS reusedUsernameCannotBorrowPriorUsersTeams
PASS resolvedUserMustMatchRequestedUsernameOrExactId
PASS rosterPlayerEvidenceDistinguishesMissingNullAndEmpty
PASS pendingAccountChangeStopsFollowupAndPublication
PASS supersededYearStopsOldStream
PASS timeoutWithoutAbortSupportSettlesTruthfully
PASS actualCoordinatorCoalescesAndReturnsBeforeDeferredReactCommit
PASS malformedSeasonAndUserFailClosed
16 portfolio loader groups passed.
(node:13222) Warning: `--localstorage-file` was provided without a valid path
(Use `node --trace-warnings ...` to show where the warning was created)
[{"viewport":{"width":320,"height":740},"requests":31,"checks":["1 of 2 failed load visible","retry fulfills pending deep link","exact drafting season/tab preserved","return-to-hub revalidation","stale-good refresh retained","retry clears stale marker","same-document account change stops followup and clears UI","active global league untouched","no overflow"],"limits":"Actual OwnerDashboard and loader; LeagueDetail destination renderer is a handoff fixture, no provider/account writes."},{"viewport":{"width":390,"height":844},"requests":31,"checks":["1 of 2 failed load visible","retry fulfills pending deep link","exact drafting season/tab preserved","return-to-hub revalidation","stale-good refresh retained","retry clears stale marker","same-document account change stops followup and clears UI","active global league untouched","no overflow"],"limits":"Actual OwnerDashboard and loader; LeagueDetail destination renderer is a handoff fixture, no provider/account writes."},{"viewport":{"width":844,"height":390},"requests":31,"checks":["1 of 2 failed load visible","retry fulfills pending deep link","exact drafting season/tab preserved","return-to-hub revalidation","stale-good refresh retained","retry clears stale marker","same-document account change stops followup and clears UI","active global league untouched","no overflow"],"limits":"Actual OwnerDashboard and loader; LeagueDetail destination renderer is a handoff fixture, no provider/account writes."}]
