PASS redraftUsesFullCurrentDraftAndNoFuture
PASS completedSeasonalHasNoRemainingRights
PASS completedDynastyKeepsAccepted2027To2029
PASS consumedTradedSlotIsNotOffered
PASS pendingDraftIgnoresUnrelatedCompletedGlobal
PASS failureAndRetryDoNotProduceOriginalOwnership
PASS malformedOrForeignDraftDoesNotLookEmpty
PASS unknownOwnershipAndProgressPreserveUnknown
PASS foreignTradeIsIgnoredWithoutUserIdGuessing
PASS lateAccountCannotChainDraftDetailRequests
PASS timeoutCannotResumeIntoFollowingRequests
PASS unsupportedProviderNeverCallsSleeper
PASS leagueSeasonAndRosterCompletenessRequired
PASS oldSharedNeverCertifiesPhantomPicks
PASS mflPreservesExactFutureAndDoesNotInventCurrentBoard
PASS mflTruncatedUnknownFutureAndForeignCredentialsAreNotComplete
PASS readyEvidenceCannotOutliveSameDocumentAccount
PASS mflExplicitCredentialsCannotConflictOrChangeUnderReadyData
PASS changedFormatOrOwnerCannotReuseReadyEvidence
PASS actualCallerGuardsGradeFinderAndOwnerSelection
PASS actualAiCompletionCannotSaveOldAccountAnalysis
PASS staleSelectionRequiresRetryButPreservesIntent
22 actual shared/provider adapter groups passed.
(node:97853) Warning: `--localstorage-file` was provided without a valid path
(Use `node --trace-warnings ...` to show where the warning was created)
