PASS validFullModuleHydrationLeavesActiveBridgeAlone
PASS selectedLeagueAndYearBeatConflictingCredentialRecords
PASS foreignOrMissingCoreDataCannotBecomeAConnectedEmptyLeague
PASS rulesFailureIsNotSparseScoringSuccess
PASS accountChangeDuringCoreFetchStopsFollowups
PASS credentialsFranchiseAndStorageEpochInterruptRequests
PASS explicitViewCancellationStopsBeforeAnyRequest
PASS privateRawCacheCannotCrossAccountsOrExplicitKeys
PASS mappedRawCannotPublishAfterAccountChanges
PASS selectedFranchiseMustExist
PASS legacyConnectDoesNotPartiallyOverwriteNewActiveLeague
PASS invalidModernIdentityCannotFallBackToProxyAnon
PASS sameAccountKeyChangeRefetchesAndPublicPlayersNeverCarrySecrets
PASS malformedSavedCredentialsCannotFallBackToUnrelatedFlatCredentials
PASS anotherSavedLeagueCannotBorrowTheActiveVolatileKey
PASS connectionSaveIsTruthfulAndRollsBackPartialStorageFailure
PASS connectReturnsCanonicalSelection
PASS bodyDeadlineHasRetryAndLateCoreCannotPopulateCache
PASS lineupWriteKeepsCapturedTokenAndRejectsStaleOutcome
PASS malformedLineupTargetsNeverStartTransport
PASS writeTimeoutReportsUnknownOutcomeAndDoesNotRepeat
PASS loginResponseIsAccountBoundAndCannotAuthorizeLaterAccount
PASS guestPublicReadAndPositiveWriteRemainSupported
PASS savedPrivateCredentialsNeverBecomeAnotherAccountsConnection
PASS unownedLegacyRecordsArePreservedWithoutAdoption
PASS volatileKeyRequiresMatchingOwnerAndLeague
PASS manuallyConnectedStubsAreAlsoBoundToTheirAccount
PASS bothAccountsRetainTheirOwnSavedSelection
PASS clearingCorruptLegacyMetadataStillRemovesVolatileSecrets
29 MFL actual-module groups; 0 failed
