
> owner-dashboard-v6@1.0.0 test
> node tests/run.js && node tests/season-odds-engines.js && node tests/faab-engine.js && node tests/chopped.js && node tests/chop-odds.js

  Loading core.js … OK
  Loading league-skin.js … OK
  Loading player-value.js … OK
  Extracting computeWeightedDNA … OK

  Extracting buildEmpirePortfolioModel … OK


  normPos  ...........................
  league skin  ...
  calcRawPts  ...........
  calcPPG  ......
  getUserTier  ........
  canAccess (billing live: gating on by default)  ...
  canAccess (tier enforcement on)  ..............
  getPickValue (fallback values, no DHQ engine)  ..........
  projectPlayerValue  .............
  DHQ-weighted average age formula  ....
  computeWeightedDNA  .......
  buildEmpirePortfolioModel  ...F.

Sign-in session contract
...........
Weekly projection — Sleeper source of truth
..
  account surface (billing + legal requirements)  ..................

  FAIL: summarizes own, acquired, and premium draft capital
        : expected 12, got 0

✗ 142 tests — 141 passed, 1 failed
