PASS unverifiedLegacyDisplayNameCannotSelectCloudNotes
PASS pendingAndUnknownTradesCannotBecomeOwnerReads
PASS malformedWeeklyHistoryCannotBeCertifiedComplete
PASS sameRosterIdsStayInTheirLeagueAndGlobalsUntouched
PASS malformedStatsAndOutageNeverInventHistoricalProduction
PASS explicitEmptyCurrentSeasonLabelsHistoricalBasis
PASS missingPlayersAndStaleCardsDoNotProduceReads
PASS pickFailureIsNotEmptyOrAssessedAndRetryRecovers
PASS nonSleeperNeverUsesSleeperTransactionsAndPreservesStatus
PASS accountChangeDuringPlayersStopsEveryFollowup
(node:10329) Warning: `--localstorage-file` was provided without a valid path
(Use `node --trace-warnings ...` to show where the warning was created)
PASS accountChangeDuringSavedNotesStopsTransactionsAndWrites
PASS transactionFailureRemainsUnavailableAndNoPartialInference
PASS supersededGenerationCannotPublishOrFollowup
PASS boundedTimeoutAndNoColdGlobalEngineInvocation
PASS actualReviewedAdapterHonorsConsumedAndTransferredRights
PASS actualAppBootstrapCancelsAtModuleAndPendingEvidenceBoundaries
PASS modelRejectsGlobalAssessmentsAndUnverifiedPicks
17 Empire evidence groups passed.
